// Jest Snapshot v1, https://goo.gl/fbAQLP

exports[`BarGauge Component renders 1`] = `
<div
  style={
    Object {
      "width": "100px",
    }
  }
>
  <BarGauge
    value={50}
  >
    <div
      className="percentageGauge"
    >
      <span
        style={
          Object {
            "width": 0,
          }
        }
      />
    </div>
  </BarGauge>
</div>
`;
