// Jest Snapshot v1, https://goo.gl/fbAQLP

exports[`Language Component renders 1`] = `
<div
  className="language"
>
  <div
    className="titleWrapper"
  >
    <span
      className="highlighted-text"
    >
      JavaScript
    </span>
    <span
      className="percentage"
    >
      50
      %
    </span>
  </div>
  <BarGauge
    value={50}
  />
</div>
`;
